docker : #0 building 
with "desktop-linux" 
instance using docker 
driver
At line:1 char:1
+ docker build 
--progress=plain 
./api-go > 
build_output.log 2>&1
+ ~~~~~~~~~~~~~~~~~~~~~
~~~~~~~~~~~~~~~~~~~~~~~
~~~~~~~~~~~~~~~~~~
    + CategoryInfo     
         : NotSpecifi  
  ed: (#0 building w   
 it...g docker driv    
er:String) [], Rem    
oteException
    + FullyQualifiedEr 
   rorId : NativeComm  
  andError
 

#1 [internal] load 
build definition from 
Dockerfile
#1 transferring 
dockerfile: 453B 0.0s 
done
#1 DONE 0.0s

#2 [internal] load 
metadata for docker.io/
library/alpine:3.19
#2 DONE 0.1s

#3 [internal] load 
metadata for docker.io/
library/golang:1.22-alp
ine
#3 DONE 1.8s

#4 [internal] load 
.dockerignore
#4 transferring 
context: 2B done
#4 DONE 0.0s

#5 [builder 1/6] FROM d
ocker.io/library/golang
:1.22-alpine@sha256:169
9c10032ca2582ec89a24a13
12d986a3f094aed3d5c1147
b19880afe40e052
#5 resolve docker.io/li
brary/golang:1.22-alpin
e@sha256:1699c10032ca25
82ec89a24a1312d986a3f09
4aed3d5c1147b19880afe40
e052 0.0s done
#5 DONE 0.0s

#6 [stage-1 1/3] FROM d
ocker.io/library/alpine
:3.19@sha256:6baf43584b
cb78f2e5847d1de515f2349
9913ac9f12bdf834811a314
5eb11ca1
#6 resolve docker.io/li
brary/alpine:3.19@sha25
6:6baf43584bcb78f2e5847
d1de515f23499913ac9f12b
df834811a3145eb11ca1 
0.0s done
#6 DONE 0.0s

#7 [stage-1 2/3] 
WORKDIR /root/
#7 CACHED

#8 [internal] load 
build context
#8 transferring 
context: 1.10kB 0.0s 
done
#8 DONE 0.0s

#9 [builder 2/6] 
WORKDIR /app
#9 CACHED

#10 [builder 3/6] COPY 
go.mod go.sum ./
#10 CACHED

#11 [builder 4/6] RUN 
go mod download
#11 0.426 go: go.mod 
requires go >= 1.25.0 
(running go 1.22.12; 
GOTOOLCHAIN=local)
#11 ERROR: process 
"/bin/sh -c go mod 
download" did not 
complete successfully: 
exit code: 1
------
 > [builder 4/6] RUN 
go mod download:
0.426 go: go.mod 
requires go >= 1.25.0 
(running go 1.22.12; 
GOTOOLCHAIN=local)
------
Dockerfile:7
--------------------
   5 |     # Install 
dependencies
   6 |     COPY go.mod 
go.sum ./
   7 | >>> RUN go mod 
download
   8 |     
   9 |     # Copy 
source code
--------------------
ERROR: failed to 
build: failed to 
solve: process 
"/bin/sh -c go mod 
download" did not 
complete successfully: 
exit code: 1

View build details: doc
ker-desktop://dashboard
/build/desktop-linux/de
sktop-linux/76s5evaxzni
uhyugzkjes7sgt
